[0.181s] DEBUG:colcon:Command line arguments: ['/usr/bin/colcon', 'build']
[0.181s] DEBUG:colcon:Parsed command line arguments: Namespace(log_base=None, log_level=None, verb_name='build', build_base='build', install_base='install', merge_install=False, symlink_install=False, test_result_base=None, continue_on_error=False, executor='parallel', parallel_workers=16, event_handlers=None, ignore_user_meta=False, metas=['./colcon.meta'], base_paths=['.'], packages_ignore=None, packages_ignore_regex=None, paths=None, packages_up_to=None, packages_up_to_regex=None, packages_above=None, packages_above_and_dependencies=None, packages_above_depth=None, packages_select_by_dep=None, packages_skip_by_dep=None, packages_skip_up_to=None, packages_select_build_failed=False, packages_skip_build_finished=False, packages_select_test_failures=False, packages_skip_test_passed=False, packages_select=None, packages_skip=None, packages_select_regex=None, packages_skip_regex=None, packages_start=None, packages_end=None, allow_overriding=[], cmake_args=None, cmake_target=None, cmake_target_skip_unavailable=False, cmake_clean_cache=False, cmake_clean_first=False, cmake_force_configure=False, ament_cmake_args=None, catkin_cmake_args=None, catkin_skip_building_tests=False, verb_parser=<colcon_defaults.argument_parser.defaults.DefaultArgumentsDecorator object at 0x7bb9f45bcc20>, verb_extension=<colcon_core.verb.build.BuildVerb object at 0x7bb9f470d130>, main=<bound method BuildVerb.main of <colcon_core.verb.build.BuildVerb object at 0x7bb9f470d130>>)
[0.260s] Level 1:colcon.colcon_core.package_discovery:discover_packages(colcon_meta) check parameters
[0.261s] Level 1:colcon.colcon_core.package_discovery:discover_packages(recursive) check parameters
[0.261s] Level 1:colcon.colcon_core.package_discovery:discover_packages(ignore) check parameters
[0.262s] Level 1:colcon.colcon_core.package_discovery:discover_packages(path) check parameters
[0.262s] Level 1:colcon.colcon_core.package_discovery:discover_packages(colcon_meta) discover
[0.263s] Level 1:colcon.colcon_core.package_discovery:discover_packages(recursive) discover
[0.263s] INFO:colcon.colcon_core.package_discovery:Crawling recursively for packages in '/home/ubuntu/EN613/group_project1'
[0.266s] Level 1:colcon.colcon_core.package_identification:_identify(.) by extensions ['ignore', 'ignore_ament_install']
[0.266s] Level 1:colcon.colcon_core.package_identification:_identify(.) by extension 'ignore'
[0.266s] Level 1:colcon.colcon_core.package_identification:_identify(.) by extension 'ignore_ament_install'
[0.267s] Level 1:colcon.colcon_core.package_identification:_identify(.) by extensions ['colcon_pkg']
[0.267s] Level 1:colcon.colcon_core.package_identification:_identify(.) by extension 'colcon_pkg'
[0.267s] Level 1:colcon.colcon_core.package_identification:_identify(.) by extensions ['colcon_meta']
[0.267s] Level 1:colcon.colcon_core.package_identification:_identify(.) by extension 'colcon_meta'
[0.267s] Level 1:colcon.colcon_core.package_identification:_identify(.) by extensions ['ros']
[0.268s] Level 1:colcon.colcon_core.package_identification:_identify(.) by extension 'ros'
[0.291s] Level 1:colcon.colcon_core.package_identification:_identify(.) by extensions ['cmake', 'python']
[0.292s] Level 1:colcon.colcon_core.package_identification:_identify(.) by extension 'cmake'
[0.292s] Level 1:colcon.colcon_core.package_identification:_identify(.) by extension 'python'
[0.293s] Level 1:colcon.colcon_core.package_identification:_identify(.) by extensions ['python_setup_py']
[0.294s] Level 1:colcon.colcon_core.package_identification:_identify(.) by extension 'python_setup_py'
[0.298s] Level 1:colcon.colcon_core.package_identification:_identify(build) by extensions ['ignore', 'ignore_ament_install']
[0.298s] Level 1:colcon.colcon_core.package_identification:_identify(build) by extension 'ignore'
[0.299s] Level 1:colcon.colcon_core.package_identification:_identify(build) ignored
[0.301s] Level 1:colcon.colcon_core.package_identification:_identify(install) by extensions ['ignore', 'ignore_ament_install']
[0.301s] Level 1:colcon.colcon_core.package_identification:_identify(install) by extension 'ignore'
[0.302s] Level 1:colcon.colcon_core.package_identification:_identify(install) ignored
[0.305s] Level 1:colcon.colcon_core.package_identification:_identify(log) by extensions ['ignore', 'ignore_ament_install']
[0.305s] Level 1:colcon.colcon_core.package_identification:_identify(log) by extension 'ignore'
[0.305s] Level 1:colcon.colcon_core.package_identification:_identify(log) ignored
[0.307s] Level 1:colcon.colcon_core.package_identification:_identify(src) by extensions ['ignore', 'ignore_ament_install']
[0.307s] Level 1:colcon.colcon_core.package_identification:_identify(src) by extension 'ignore'
[0.308s] Level 1:colcon.colcon_core.package_identification:_identify(src) by extension 'ignore_ament_install'
[0.308s] Level 1:colcon.colcon_core.package_identification:_identify(src) by extensions ['colcon_pkg']
[0.309s] Level 1:colcon.colcon_core.package_identification:_identify(src) by extension 'colcon_pkg'
[0.309s] Level 1:colcon.colcon_core.package_identification:_identify(src) by extensions ['colcon_meta']
[0.309s] Level 1:colcon.colcon_core.package_identification:_identify(src) by extension 'colcon_meta'
[0.310s] Level 1:colcon.colcon_core.package_identification:_identify(src) by extensions ['ros']
[0.310s] Level 1:colcon.colcon_core.package_identification:_identify(src) by extension 'ros'
[0.312s] Level 1:colcon.colcon_core.package_identification:_identify(src) by extensions ['cmake', 'python']
[0.312s] Level 1:colcon.colcon_core.package_identification:_identify(src) by extension 'cmake'
[0.312s] Level 1:colcon.colcon_core.package_identification:_identify(src) by extension 'python'
[0.313s] Level 1:colcon.colcon_core.package_identification:_identify(src) by extensions ['python_setup_py']
[0.313s] Level 1:colcon.colcon_core.package_identification:_identify(src) by extension 'python_setup_py'
[0.316s] Level 1:colcon.colcon_core.package_identification:_identify(src/gazebo_controller) by extensions ['ignore', 'ignore_ament_install']
[0.316s] Level 1:colcon.colcon_core.package_identification:_identify(src/gazebo_controller) by extension 'ignore'
[0.317s] Level 1:colcon.colcon_core.package_identification:_identify(src/gazebo_controller) by extension 'ignore_ament_install'
[0.318s] Level 1:colcon.colcon_core.package_identification:_identify(src/gazebo_controller) by extensions ['colcon_pkg']
[0.318s] Level 1:colcon.colcon_core.package_identification:_identify(src/gazebo_controller) by extension 'colcon_pkg'
[0.319s] Level 1:colcon.colcon_core.package_identification:_identify(src/gazebo_controller) by extensions ['colcon_meta']
[0.319s] Level 1:colcon.colcon_core.package_identification:_identify(src/gazebo_controller) by extension 'colcon_meta'
[0.320s] Level 1:colcon.colcon_core.package_identification:_identify(src/gazebo_controller) by extensions ['ros']
[0.320s] Level 1:colcon.colcon_core.package_identification:_identify(src/gazebo_controller) by extension 'ros'
[0.334s] DEBUG:colcon.colcon_core.package_identification:Package 'src/gazebo_controller' with type 'ros.ament_python' and name 'gazebo_controller'
[0.335s] Level 1:colcon.colcon_core.package_discovery:discover_packages(recursive) using defaults
[0.335s] Level 1:colcon.colcon_core.package_discovery:discover_packages(ignore) discover
[0.335s] Level 1:colcon.colcon_core.package_discovery:discover_packages(ignore) using defaults
[0.335s] Level 1:colcon.colcon_core.package_discovery:discover_packages(path) discover
[0.335s] Level 1:colcon.colcon_core.package_discovery:discover_packages(path) using defaults
[0.370s] Level 1:colcon.colcon_core.package_discovery:discover_packages(prefix_path) check parameters
[0.371s] Level 1:colcon.colcon_core.package_discovery:discover_packages(prefix_path) discover
[0.387s] DEBUG:colcon.colcon_installed_package_information.package_discovery:Found 15 installed packages in /home/ubuntu/turtlebot3_ws/install
[0.391s] DEBUG:colcon.colcon_installed_package_information.package_discovery:Found 392 installed packages in /opt/ros/jazzy
[0.392s] Level 1:colcon.colcon_core.package_discovery:discover_packages(prefix_path) using defaults
[0.502s] Level 5:colcon.colcon_core.verb:set package 'gazebo_controller' build argument 'cmake_args' from command line to 'None'
[0.502s] Level 5:colcon.colcon_core.verb:set package 'gazebo_controller' build argument 'cmake_target' from command line to 'None'
[0.502s] Level 5:colcon.colcon_core.verb:set package 'gazebo_controller' build argument 'cmake_target_skip_unavailable' from command line to 'False'
[0.502s] Level 5:colcon.colcon_core.verb:set package 'gazebo_controller' build argument 'cmake_clean_cache' from command line to 'False'
[0.503s] Level 5:colcon.colcon_core.verb:set package 'gazebo_controller' build argument 'cmake_clean_first' from command line to 'False'
[0.503s] Level 5:colcon.colcon_core.verb:set package 'gazebo_controller' build argument 'cmake_force_configure' from command line to 'False'
[0.503s] Level 5:colcon.colcon_core.verb:set package 'gazebo_controller' build argument 'ament_cmake_args' from command line to 'None'
[0.503s] Level 5:colcon.colcon_core.verb:set package 'gazebo_controller' build argument 'catkin_cmake_args' from command line to 'None'
[0.504s] Level 5:colcon.colcon_core.verb:set package 'gazebo_controller' build argument 'catkin_skip_building_tests' from command line to 'False'
[0.504s] DEBUG:colcon.colcon_core.verb:Building package 'gazebo_controller' with the following arguments: {'ament_cmake_args': None, 'build_base': '/home/ubuntu/EN613/group_project1/build/gazebo_controller', 'catkin_cmake_args': None, 'catkin_skip_building_tests': False, 'cmake_args': None, 'cmake_clean_cache': False, 'cmake_clean_first': False, 'cmake_force_configure': False, 'cmake_target': None, 'cmake_target_skip_unavailable': False, 'install_base': '/home/ubuntu/EN613/group_project1/install/gazebo_controller', 'merge_install': False, 'path': '/home/ubuntu/EN613/group_project1/src/gazebo_controller', 'symlink_install': False, 'test_result_base': None}
[0.504s] INFO:colcon.colcon_core.executor:Executing jobs using 'parallel' executor
[0.505s] DEBUG:colcon.colcon_parallel_executor.executor.parallel:run_until_complete
[0.505s] INFO:colcon.colcon_ros.task.ament_python.build:Building ROS package in '/home/ubuntu/EN613/group_project1/src/gazebo_controller' with build type 'ament_python'
[0.505s] Level 1:colcon.colcon_core.shell:create_environment_hook('gazebo_controller', 'ament_prefix_path')
[0.513s] INFO:colcon.colcon_core.plugin_system:Skipping extension 'colcon_core.shell.bat': Not used on non-Windows systems
[0.513s] INFO:colcon.colcon_core.shell:Creating environment hook '/home/ubuntu/EN613/group_project1/install/gazebo_controller/share/gazebo_controller/hook/ament_prefix_path.ps1'
[0.525s] INFO:colcon.colcon_core.shell:Creating environment descriptor '/home/ubuntu/EN613/group_project1/install/gazebo_controller/share/gazebo_controller/hook/ament_prefix_path.dsv'
[0.537s] INFO:colcon.colcon_core.shell:Creating environment hook '/home/ubuntu/EN613/group_project1/install/gazebo_controller/share/gazebo_controller/hook/ament_prefix_path.sh'
[0.549s] INFO:colcon.colcon_core.shell:Skip shell extension 'powershell' for command environment: Not usable outside of PowerShell
[0.549s] DEBUG:colcon.colcon_core.shell:Skip shell extension 'dsv' for command environment
[0.828s] INFO:colcon.colcon_core.task.python.build:Building Python package in '/home/ubuntu/EN613/group_project1/src/gazebo_controller'
[0.828s] INFO:colcon.colcon_core.shell:Skip shell extension 'powershell' for command environment: Not usable outside of PowerShell
[0.829s] DEBUG:colcon.colcon_core.shell:Skip shell extension 'dsv' for command environment
[2.146s] DEBUG:colcon.colcon_core.event_handler.log_command:Invoking command in '/home/ubuntu/EN613/group_project1/src/gazebo_controller': PYTHONPATH=/home/ubuntu/EN613/group_project1/build/gazebo_controller/prefix_override:/usr/lib/python3/dist-packages/colcon_core/task/python/colcon_distutils_commands:/home/ubuntu/EN613/group_project1/install/gazebo_controller/lib/python3.12/site-packages:${PYTHONPATH} /usr/bin/python3 -W ignore:setup.py install is deprecated -W ignore:easy_install command is deprecated setup.py egg_info --egg-base ../../build/gazebo_controller build --build-base /home/ubuntu/EN613/group_project1/build/gazebo_controller/build install --record /home/ubuntu/EN613/group_project1/build/gazebo_controller/install.log --single-version-externally-managed install_data
[3.421s] DEBUG:colcon.colcon_core.event_handler.log_command:Invoked command in '/home/ubuntu/EN613/group_project1/src/gazebo_controller' returned '0': PYTHONPATH=/home/ubuntu/EN613/group_project1/build/gazebo_controller/prefix_override:/usr/lib/python3/dist-packages/colcon_core/task/python/colcon_distutils_commands:/home/ubuntu/EN613/group_project1/install/gazebo_controller/lib/python3.12/site-packages:${PYTHONPATH} /usr/bin/python3 -W ignore:setup.py install is deprecated -W ignore:easy_install command is deprecated setup.py egg_info --egg-base ../../build/gazebo_controller build --build-base /home/ubuntu/EN613/group_project1/build/gazebo_controller/build install --record /home/ubuntu/EN613/group_project1/build/gazebo_controller/install.log --single-version-externally-managed install_data
[3.428s] Level 1:colcon.colcon_core.environment:checking '/home/ubuntu/EN613/group_project1/install/gazebo_controller' for CMake module files
[3.451s] Level 1:colcon.colcon_core.environment:checking '/home/ubuntu/EN613/group_project1/install/gazebo_controller' for CMake config files
[3.501s] Level 1:colcon.colcon_core.environment:checking '/home/ubuntu/EN613/group_project1/install/gazebo_controller/lib'
[3.504s] Level 1:colcon.colcon_core.environment:checking '/home/ubuntu/EN613/group_project1/install/gazebo_controller/bin'
[3.505s] Level 1:colcon.colcon_core.environment:checking '/home/ubuntu/EN613/group_project1/install/gazebo_controller/lib/pkgconfig/gazebo_controller.pc'
[3.506s] Level 1:colcon.colcon_core.environment:checking '/home/ubuntu/EN613/group_project1/install/gazebo_controller/lib/python3.12/site-packages'
[3.507s] Level 1:colcon.colcon_core.shell:create_environment_hook('gazebo_controller', 'pythonpath')
[3.508s] INFO:colcon.colcon_core.shell:Creating environment hook '/home/ubuntu/EN613/group_project1/install/gazebo_controller/share/gazebo_controller/hook/pythonpath.ps1'
[3.516s] INFO:colcon.colcon_core.shell:Creating environment descriptor '/home/ubuntu/EN613/group_project1/install/gazebo_controller/share/gazebo_controller/hook/pythonpath.dsv'
[3.525s] INFO:colcon.colcon_core.shell:Creating environment hook '/home/ubuntu/EN613/group_project1/install/gazebo_controller/share/gazebo_controller/hook/pythonpath.sh'
[3.537s] Level 1:colcon.colcon_core.environment:checking '/home/ubuntu/EN613/group_project1/install/gazebo_controller/bin'
[3.538s] Level 1:colcon.colcon_core.environment:create_environment_scripts_only(gazebo_controller)
[3.538s] INFO:colcon.colcon_core.shell:Creating package script '/home/ubuntu/EN613/group_project1/install/gazebo_controller/share/gazebo_controller/package.ps1'
[3.547s] INFO:colcon.colcon_core.shell:Creating package descriptor '/home/ubuntu/EN613/group_project1/install/gazebo_controller/share/gazebo_controller/package.dsv'
[3.558s] INFO:colcon.colcon_core.shell:Creating package script '/home/ubuntu/EN613/group_project1/install/gazebo_controller/share/gazebo_controller/package.sh'
[3.567s] INFO:colcon.colcon_core.shell:Creating package script '/home/ubuntu/EN613/group_project1/install/gazebo_controller/share/gazebo_controller/package.bash'
[3.577s] INFO:colcon.colcon_core.shell:Creating package script '/home/ubuntu/EN613/group_project1/install/gazebo_controller/share/gazebo_controller/package.zsh'
[3.587s] Level 1:colcon.colcon_core.environment:create_file_with_runtime_dependencies(/home/ubuntu/EN613/group_project1/install/gazebo_controller/share/colcon-core/packages/gazebo_controller)
[3.595s] DEBUG:colcon.colcon_parallel_executor.executor.parallel:closing loop
[3.595s] DEBUG:colcon.colcon_parallel_executor.executor.parallel:loop closed
[3.595s] DEBUG:colcon.colcon_parallel_executor.executor.parallel:run_until_complete finished with '0'
[3.596s] DEBUG:colcon.colcon_core.event_reactor:joining thread
[3.613s] INFO:colcon.colcon_core.plugin_system:Skipping extension 'colcon_notification.desktop_notification.terminal_notifier': Not used on non-Darwin systems
[3.614s] INFO:colcon.colcon_core.plugin_system:Skipping extension 'colcon_notification.desktop_notification.win32': Not used on non-Windows systems
[3.614s] INFO:colcon.colcon_notification.desktop_notification:Sending desktop notification using 'notify2'
[3.781s] DEBUG:colcon.colcon_core.event_reactor:joined thread
[3.782s] INFO:colcon.colcon_core.shell:Creating prefix script '/home/ubuntu/EN613/group_project1/install/local_setup.ps1'
[3.788s] INFO:colcon.colcon_core.shell:Creating prefix util module '/home/ubuntu/EN613/group_project1/install/_local_setup_util_ps1.py'
[3.793s] INFO:colcon.colcon_core.shell:Creating prefix chain script '/home/ubuntu/EN613/group_project1/install/setup.ps1'
[3.799s] INFO:colcon.colcon_core.shell:Creating prefix script '/home/ubuntu/EN613/group_project1/install/local_setup.sh'
[3.803s] INFO:colcon.colcon_core.shell:Creating prefix util module '/home/ubuntu/EN613/group_project1/install/_local_setup_util_sh.py'
[3.807s] INFO:colcon.colcon_core.shell:Creating prefix chain script '/home/ubuntu/EN613/group_project1/install/setup.sh'
[3.812s] INFO:colcon.colcon_core.shell:Creating prefix script '/home/ubuntu/EN613/group_project1/install/local_setup.bash'
[3.816s] INFO:colcon.colcon_core.shell:Creating prefix chain script '/home/ubuntu/EN613/group_project1/install/setup.bash'
[3.823s] INFO:colcon.colcon_core.shell:Creating prefix script '/home/ubuntu/EN613/group_project1/install/local_setup.zsh'
[3.828s] INFO:colcon.colcon_core.shell:Creating prefix chain script '/home/ubuntu/EN613/group_project1/install/setup.zsh'
