[1.637s] Invoking command in '/home/ubuntu/EN613/group_project1/src/gazebo_controller': PYTHONPATH=/home/ubuntu/EN613/group_project1/build/gazebo_controller/prefix_override:/usr/lib/python3/dist-packages/colcon_core/task/python/colcon_distutils_commands:/home/ubuntu/EN613/group_project1/install/gazebo_controller/lib/python3.12/site-packages:${PYTHONPATH} /usr/bin/python3 -W ignore:setup.py install is deprecated -W ignore:easy_install command is deprecated setup.py egg_info --egg-base ../../build/gazebo_controller build --build-base /home/ubuntu/EN613/group_project1/build/gazebo_controller/build install --record /home/ubuntu/EN613/group_project1/build/gazebo_controller/install.log --single-version-externally-managed install_data
[2.157s] running egg_info
[2.163s] creating ../../build/gazebo_controller/gazebo_controller.egg-info
[2.184s] writing ../../build/gazebo_controller/gazebo_controller.egg-info/PKG-INFO
[2.193s] writing dependency_links to ../../build/gazebo_controller/gazebo_controller.egg-info/dependency_links.txt
[2.199s] writing requirements to ../../build/gazebo_controller/gazebo_controller.egg-info/requires.txt
[2.203s] writing top-level names to ../../build/gazebo_controller/gazebo_controller.egg-info/top_level.txt
[2.208s] writing manifest file '../../build/gazebo_controller/gazebo_controller.egg-info/SOURCES.txt'
[2.271s] reading manifest file '../../build/gazebo_controller/gazebo_controller.egg-info/SOURCES.txt'
[2.288s] adding license file 'LICENSE'
[2.301s] writing manifest file '../../build/gazebo_controller/gazebo_controller.egg-info/SOURCES.txt'
[2.303s] running build
[2.304s] running build_py
[2.307s] creating /home/ubuntu/EN613/group_project1/build/gazebo_controller/build
[2.308s] creating /home/ubuntu/EN613/group_project1/build/gazebo_controller/build/lib
[2.311s] creating /home/ubuntu/EN613/group_project1/build/gazebo_controller/build/lib/gazebo_controller
[2.317s] copying gazebo_controller/__init__.py -> /home/ubuntu/EN613/group_project1/build/gazebo_controller/build/lib/gazebo_controller
[2.325s] running install
[2.333s] running install_lib
[2.366s] creating /home/ubuntu/EN613/group_project1/install/gazebo_controller/lib/python3.12/site-packages/gazebo_controller
[2.378s] copying /home/ubuntu/EN613/group_project1/build/gazebo_controller/build/lib/gazebo_controller/__init__.py -> /home/ubuntu/EN613/group_project1/install/gazebo_controller/lib/python3.12/site-packages/gazebo_controller
[2.402s] byte-compiling /home/ubuntu/EN613/group_project1/install/gazebo_controller/lib/python3.12/site-packages/gazebo_controller/__init__.py to __init__.cpython-312.pyc
[2.428s] running install_data
[2.435s] creating /home/ubuntu/EN613/group_project1/install/gazebo_controller/share/ament_index
[2.437s] creating /home/ubuntu/EN613/group_project1/install/gazebo_controller/share/ament_index/resource_index
[2.439s] creating /home/ubuntu/EN613/group_project1/install/gazebo_controller/share/ament_index/resource_index/packages
[2.448s] copying resource/gazebo_controller -> /home/ubuntu/EN613/group_project1/install/gazebo_controller/share/ament_index/resource_index/packages
[2.466s] copying package.xml -> /home/ubuntu/EN613/group_project1/install/gazebo_controller/share/gazebo_controller
[2.477s] running install_egg_info
[2.516s] Copying ../../build/gazebo_controller/gazebo_controller.egg-info to /home/ubuntu/EN613/group_project1/install/gazebo_controller/lib/python3.12/site-packages/gazebo_controller-0.0.0-py3.12.egg-info
[2.661s] running install_scripts
[2.889s] writing list of installed files to '/home/ubuntu/EN613/group_project1/build/gazebo_controller/install.log'
[2.912s] Invoked command in '/home/ubuntu/EN613/group_project1/src/gazebo_controller' returned '0': PYTHONPATH=/home/ubuntu/EN613/group_project1/build/gazebo_controller/prefix_override:/usr/lib/python3/dist-packages/colcon_core/task/python/colcon_distutils_commands:/home/ubuntu/EN613/group_project1/install/gazebo_controller/lib/python3.12/site-packages:${PYTHONPATH} /usr/bin/python3 -W ignore:setup.py install is deprecated -W ignore:easy_install command is deprecated setup.py egg_info --egg-base ../../build/gazebo_controller build --build-base /home/ubuntu/EN613/group_project1/build/gazebo_controller/build install --record /home/ubuntu/EN613/group_project1/build/gazebo_controller/install.log --single-version-externally-managed install_data
